

narendra@LAPTOP-NACNOT21:~$ systemctl status jenkins.service
● jenkins.service - Jenkins Continuous Integration Server
     Loaded: loaded (/lib/systemd/system/jenkins.service; enabled; vendor preset: enabled)
     Active: failed (Result: exit-code) since Sun 2023-04-09 17:44:25 IST; 10s ago
    Process: 2234 ExecStart=/usr/bin/jenkins (code=exited, status=1/FAILURE)
   Main PID: 2234 (code=exited, status=1/FAILURE)

Apr 09 17:44:25 LAPTOP-NACNOT21 systemd[1]: jenkins.service: Scheduled restart job, restart counter is at 5.
Apr 09 17:44:25 LAPTOP-NACNOT21 systemd[1]: Stopped Jenkins Continuous Integration Server.
Apr 09 17:44:25 LAPTOP-NACNOT21 systemd[1]: jenkins.service: Start request repeated too quickly.
Apr 09 17:44:25 LAPTOP-NACNOT21 systemd[1]: jenkins.service: Failed with result 'exit-code'.
Apr 09 17:44:25 LAPTOP-NACNOT21 systemd[1]: Failed to start Jenkins Continuous Integration Server.
narendra@LAPTOP-NACNOT21:~$ sudo service jenkins restart
Job for jenkins.service failed because the control process exited with error code.
See "systemctl status jenkins.service" and "journalctl -xe" for details.
narendra@LAPTOP-NACNOT21:~$ journalctl -xe
--
-- Automatic restarting of the unit jenkins.service has been scheduled, as the result for
-- the configured Restart= setting for the unit.
Apr 09 17:44:50 LAPTOP-NACNOT21 systemd[1]: Stopped Jenkins Continuous Integration Server.
-- Subject: A stop job for unit jenkins.service has finished
-- Defined-By: systemd
-- Support: http://www.ubuntu.com/support
--
-- A stop job for unit jenkins.service has finished.
--
-- The job identifier is 3363 and the job result is done.
Apr 09 17:44:50 LAPTOP-NACNOT21 systemd[1]: jenkins.service: Start request repeated too quickly.
Apr 09 17:44:50 LAPTOP-NACNOT21 systemd[1]: jenkins.service: Failed with result 'exit-code'.
-- Subject: Unit failed
-- Defined-By: systemd
-- Support: http://www.ubuntu.com/support
--
-- The unit jenkins.service has entered the 'failed' state with result 'exit-code'.
Apr 09 17:44:50 LAPTOP-NACNOT21 systemd[1]: Failed to start Jenkins Continuous Integration Server.
-- Subject: A start job for unit jenkins.service has failed
-- Defined-By: systemd
-- Support: http://www.ubuntu.com/support
--
-- A start job for unit jenkins.service has finished with a failure.
--
-- The job identifier is 3363 and the job result is failed.

narendra@LAPTOP-NACNOT21:~$ sudo vi /etc/init.d/jenkins

narendra@LAPTOP-NACNOT21:~$ java -version

openjdk version "1.8.0_362"
OpenJDK Runtime Environment (build 1.8.0_362-8u362-ga-0ubuntu1~20.04.1-b09)
OpenJDK 64-Bit Server VM (build 25.362-b09, mixed mode)
narendra@LAPTOP-NACNOT21:~$ update-alternatives --config java
There is only one alternative in link group java (providing /usr/bin/java): /usr/lib/jvm/java-8-openjdk-amd64/jre/bin/java
Nothing to configure.

narendra@LAPTOP-NACNOT21:~$ sudo apt-get install openjdk-11-jdk

Reading package lists... Done
Building dependency tree
Reading state information... Done
The following additional packages will be installed:
  libice-dev libpthread-stubs0-dev libsm-dev libx11-dev
  libxau-dev libxcb1-dev libxdmcp-dev libxt-dev
  openjdk-11-jdk-headless openjdk-11-jre
  openjdk-11-jre-headless x11proto-core-dev x11proto-dev
  xorg-sgml-doctools xtrans-dev
Suggested packages:
  libice-doc libsm-doc libx11-doc libxcb-doc libxt-doc
  openjdk-11-demo openjdk-11-source visualvm libnss-mdns
  fonts-ipafont-gothic fonts-ipafont-mincho
  fonts-wqy-microhei | fonts-wqy-zenhei fonts-indic
The following NEW packages will be installed:
  libice-dev libpthread-stubs0-dev libsm-dev libx11-dev
  libxau-dev libxcb1-dev libxdmcp-dev libxt-dev
  openjdk-11-jdk openjdk-11-jdk-headless openjdk-11-jre
  openjdk-11-jre-headless x11proto-core-dev x11proto-dev
  xorg-sgml-doctools xtrans-dev
0 upgraded, 16 newly installed, 0 to remove and 114 not upgraded.
Need to get 265 MB of archives.
After this operation, 414 MB of additional disk space will be used.
Do you want to continue? [Y/n] y
Get:1 http://archive.ubuntu.com/ubuntu focal/main amd64 xorg-sgml-doctools all 1:1.11-1 [12.9 kB]
Get:2 http://archive.ubuntu.com/ubuntu focal/main amd64 x11proto-dev all 2019.2-1ubuntu1 [594 kB]
Get:3 http://archive.ubuntu.com/ubuntu focal/main amd64 x11proto-core-dev all 2019.2-1ubuntu1 [2620 B]
Get:4 http://archive.ubuntu.com/ubuntu focal/main amd64 libice-dev amd64 2:1.0.10-0ubuntu1 [47.8 kB]
Get:5 http://archive.ubuntu.com/ubuntu focal/main amd64 libpthread-stubs0-dev amd64 0.4-1 [5384 B]
Get:6 http://archive.ubuntu.com/ubuntu focal/main amd64 libsm-dev amd64 2:1.2.3-1 [17.0 kB]
Get:7 http://archive.ubuntu.com/ubuntu focal/main amd64 libxau-dev amd64 1:1.0.9-0ubuntu1 [9552 B]
Get:8 http://archive.ubuntu.com/ubuntu focal/main amd64 libxdmcp-dev amd64 1:1.1.3-0ubuntu1 [25.3 kB]
Get:9 http://archive.ubuntu.com/ubuntu focal/main amd64 xtrans-dev all 1.4.0-1 [68.9 kB]
Get:10 http://archive.ubuntu.com/ubuntu focal/main amd64 libxcb1-dev amd64 1.14-2 [80.5 kB]
Get:11 http://archive.ubuntu.com/ubuntu focal-updates/main amd64 libx11-dev amd64 2:1.6.9-2ubuntu1.2 [647 kB]
Get:12 http://archive.ubuntu.com/ubuntu focal/main amd64 libxt-dev amd64 1:1.1.5-1 [395 kB]
Get:13 http://archive.ubuntu.com/ubuntu focal-updates/main amd64 openjdk-11-jre-headless amd64 11.0.18+10-0ubuntu1~20.04.1 [37.4 MB]
Get:14 http://archive.ubuntu.com/ubuntu focal-updates/main amd64 openjdk-11-jre amd64 11.0.18+10-0ubuntu1~20.04.1 [175 kB]
Get:15 http://archive.ubuntu.com/ubuntu focal-updates/main amd64 openjdk-11-jdk-headless amd64 11.0.18+10-0ubuntu1~20.04.1 [224 MB]
Get:16 http://archive.ubuntu.com/ubuntu focal-updates/main amd64 openjdk-11-jdk amd64 11.0.18+10-0ubuntu1~20.04.1 [1559 kB]
Fetched 265 MB in 2min 5s (2127 kB/s)
Selecting previously unselected package xorg-sgml-doctools.
(Reading database ... 46917 files and directories currently installed.)
Preparing to unpack .../00-xorg-sgml-doctools_1%3a1.11-1_all.deb ...
Unpacking xorg-sgml-doctools (1:1.11-1) ...
Selecting previously unselected package x11proto-dev.
Preparing to unpack .../01-x11proto-dev_2019.2-1ubuntu1_all.deb ...
Unpacking x11proto-dev (2019.2-1ubuntu1) ...
Selecting previously unselected package x11proto-core-dev.Preparing to unpack .../02-x11proto-core-dev_2019.2-1ubuntu1_all.deb ...
Unpacking x11proto-core-dev (2019.2-1ubuntu1) ...
Selecting previously unselected package libice-dev:amd64.
Preparing to unpack .../03-libice-dev_2%3a1.0.10-0ubuntu1_amd64.deb ...
Unpacking libice-dev:amd64 (2:1.0.10-0ubuntu1) ...
Selecting previously unselected package libpthread-stubs0-dev:amd64.
Preparing to unpack .../04-libpthread-stubs0-dev_0.4-1_amd64.deb ...
Unpacking libpthread-stubs0-dev:amd64 (0.4-1) ...
Selecting previously unselected package libsm-dev:amd64.
Preparing to unpack .../05-libsm-dev_2%3a1.2.3-1_amd64.deb ...
Unpacking libsm-dev:amd64 (2:1.2.3-1) ...
Selecting previously unselected package libxau-dev:amd64.
Preparing to unpack .../06-libxau-dev_1%3a1.0.9-0ubuntu1_amd64.deb ...
Unpacking libxau-dev:amd64 (1:1.0.9-0ubuntu1) ...
Selecting previously unselected package libxdmcp-dev:amd64.
Preparing to unpack .../07-libxdmcp-dev_1%3a1.1.3-0ubuntu1_amd64.deb ...
Unpacking libxdmcp-dev:amd64 (1:1.1.3-0ubuntu1) ...
Selecting previously unselected package xtrans-dev.
Preparing to unpack .../08-xtrans-dev_1.4.0-1_all.deb ...
Unpacking xtrans-dev (1.4.0-1) ...
Selecting previously unselected package libxcb1-dev:amd64.Preparing to unpack .../09-libxcb1-dev_1.14-2_amd64.deb ...
Unpacking libxcb1-dev:amd64 (1.14-2) ...
Selecting previously unselected package libx11-dev:amd64.
Preparing to unpack .../10-libx11-dev_2%3a1.6.9-2ubuntu1.2_amd64.deb ...
Unpacking libx11-dev:amd64 (2:1.6.9-2ubuntu1.2) ...
Selecting previously unselected package libxt-dev:amd64.
Preparing to unpack .../11-libxt-dev_1%3a1.1.5-1_amd64.deb ...
Unpacking libxt-dev:amd64 (1:1.1.5-1) ...
Selecting previously unselected package openjdk-11-jre-headless:amd64.
Preparing to unpack .../12-openjdk-11-jre-headless_11.0.18+10-0ubuntu1~20.04.1_amd64.deb ...
Unpacking openjdk-11-jre-headless:amd64 (11.0.18+10-0ubuntu1~20.04.1) ...
Selecting previously unselected package openjdk-11-jre:amd64.
Preparing to unpack .../13-openjdk-11-jre_11.0.18+10-0ubuntu1~20.04.1_amd64.deb ...
Unpacking openjdk-11-jre:amd64 (11.0.18+10-0ubuntu1~20.04.1) ...
Selecting previously unselected package openjdk-11-jdk-headless:amd64.
Preparing to unpack .../14-openjdk-11-jdk-headless_11.0.18+10-0ubuntu1~20.04.1_amd64.deb ...
Unpacking openjdk-11-jdk-headless:amd64 (11.0.18+10-0ubuntu1~20.04.1) ...
Selecting previously unselected package openjdk-11-jdk:amd64.
Preparing to unpack .../15-openjdk-11-jdk_11.0.18+10-0ubuntu1~20.04.1_amd64.deb ...
Unpacking openjdk-11-jdk:amd64 (11.0.18+10-0ubuntu1~20.04.1) ...
Setting up openjdk-11-jre-headless:amd64 (11.0.18+10-0ubuntu1~20.04.1) ...
update-alternatives: using /usr/lib/jvm/java-11-openjdk-amd64/bin/java to provide /usr/bin/java (java) in auto mode
update-alternatives: using /usr/lib/jvm/java-11-openjdk-amd64/bin/jjs to provide /usr/bin/jjs (jjs) in auto mode
update-alternatives: using /usr/lib/jvm/java-11-openjdk-amd64/bin/keytool to provide /usr/bin/keytool (keytool) in auto mode
update-alternatives: using /usr/lib/jvm/java-11-openjdk-amd64/bin/rmid to provide /usr/bin/rmid (rmid) in auto mode
update-alternatives: using /usr/lib/jvm/java-11-openjdk-amd64/bin/rmiregistry to provide /usr/bin/rmiregistry (rmiregistry) in auto mode
update-alternatives: using /usr/lib/jvm/java-11-openjdk-amd64/bin/pack200 to provide /usr/bin/pack200 (pack200) in auto mode
update-alternatives: using /usr/lib/jvm/java-11-openjdk-amd64/bin/unpack200 to provide /usr/bin/unpack200 (unpack200) in auto mode
update-alternatives: using /usr/lib/jvm/java-11-openjdk-amd64/lib/jexec to provide /usr/bin/jexec (jexec) in auto mode
Setting up openjdk-11-jre:amd64 (11.0.18+10-0ubuntu1~20.04.1) ...
Setting up openjdk-11-jdk-headless:amd64 (11.0.18+10-0ubuntu1~20.04.1) ...
update-alternatives: using /usr/lib/jvm/java-11-openjdk-amd64/bin/jar to provide /usr/bin/jar (jar) in auto mode
update-alternatives: using /usr/lib/jvm/java-11-openjdk-amd64/bin/jarsigner to provide /usr/bin/jarsigner (jarsigner) in auto mode
update-alternatives: using /usr/lib/jvm/java-11-openjdk-amd64/bin/javac to provide /usr/bin/javac (javac) in auto mode
update-alternatives: using /usr/lib/jvm/java-11-openjdk-amd64/bin/javadoc to provide /usr/bin/javadoc (javadoc) in auto mode
update-alternatives: using /usr/lib/jvm/java-11-openjdk-amd64/bin/javap to provide /usr/bin/javap (javap) in auto mode
update-alternatives: using /usr/lib/jvm/java-11-openjdk-amd64/bin/jcmd to provide /usr/bin/jcmd (jcmd) in auto mode
update-alternatives: using /usr/lib/jvm/java-11-openjdk-amd64/bin/jdb to provide /usr/bin/jdb (jdb) in auto mode
update-alternatives: using /usr/lib/jvm/java-11-openjdk-amd64/bin/jdeprscan to provide /usr/bin/jdeprscan (jdeprscan) in auto mode
update-alternatives: using /usr/lib/jvm/java-11-openjdk-amd64/bin/jdeps to provide /usr/bin/jdeps (jdeps) in auto mode
update-alternatives: using /usr/lib/jvm/java-11-openjdk-amd64/bin/jfr to provide /usr/bin/jfr (jfr) in auto mode
update-alternatives: using /usr/lib/jvm/java-11-openjdk-amd64/bin/jimage to provide /usr/bin/jimage (jimage) in auto mode
update-alternatives: using /usr/lib/jvm/java-11-openjdk-amd64/bin/jinfo to provide /usr/bin/jinfo (jinfo) in auto mode
update-alternatives: using /usr/lib/jvm/java-11-openjdk-amd64/bin/jlink to provide /usr/bin/jlink (jlink) in auto mode
update-alternatives: using /usr/lib/jvm/java-11-openjdk-amd64/bin/jmap to provide /usr/bin/jmap (jmap) in auto mode
update-alternatives: using /usr/lib/jvm/java-11-openjdk-amd64/bin/jmod to provide /usr/bin/jmod (jmod) in auto mode
update-alternatives: using /usr/lib/jvm/java-11-openjdk-amd64/bin/jps to provide /usr/bin/jps (jps) in auto mode
update-alternatives: using /usr/lib/jvm/java-11-openjdk-amd64/bin/jrunscript to provide /usr/bin/jrunscript (jrunscript) in auto mode
update-alternatives: using /usr/lib/jvm/java-11-openjdk-amd64/bin/jshell to provide /usr/bin/jshell (jshell) in auto mode
update-alternatives: using /usr/lib/jvm/java-11-openjdk-amd64/bin/jstack to provide /usr/bin/jstack (jstack) in auto mode
update-alternatives: using /usr/lib/jvm/java-11-openjdk-amd64/bin/jstat to provide /usr/bin/jstat (jstat) in auto mode
update-alternatives: using /usr/lib/jvm/java-11-openjdk-amd64/bin/jstatd to provide /usr/bin/jstatd (jstatd) in auto mode
update-alternatives: using /usr/lib/jvm/java-11-openjdk-amd64/bin/rmic to provide /usr/bin/rmic (rmic) in auto mode
update-alternatives: using /usr/lib/jvm/java-11-openjdk-amd64/bin/serialver to provide /usr/bin/serialver (serialver) in auto mode
update-alternatives: using /usr/lib/jvm/java-11-openjdk-amd64/bin/jaotc to provide /usr/bin/jaotc (jaotc) in auto mode
update-alternatives: using /usr/lib/jvm/java-11-openjdk-amd64/bin/jhsdb to provide /usr/bin/jhsdb (jhsdb) in auto mode
Setting up libpthread-stubs0-dev:amd64 (0.4-1) ...
Setting up xtrans-dev (1.4.0-1) ...
Setting up openjdk-11-jdk:amd64 (11.0.18+10-0ubuntu1~20.04.1) ...
update-alternatives: using /usr/lib/jvm/java-11-openjdk-amd64/bin/jconsole to provide /usr/bin/jconsole (jconsole) in auto mode
Setting up xorg-sgml-doctools (1:1.11-1) ...
Setting up x11proto-dev (2019.2-1ubuntu1) ...
Setting up libxau-dev:amd64 (1:1.0.9-0ubuntu1) ...
Setting up libice-dev:amd64 (2:1.0.10-0ubuntu1) ...
Setting up libsm-dev:amd64 (2:1.2.3-1) ...
Setting up libxdmcp-dev:amd64 (1:1.1.3-0ubuntu1) ...
Setting up x11proto-core-dev (2019.2-1ubuntu1) ...
Setting up libxcb1-dev:amd64 (1.14-2) ...
Setting up libx11-dev:amd64 (2:1.6.9-2ubuntu1.2) ...
Setting up libxt-dev:amd64 (1:1.1.5-1) ...
Processing triggers for hicolor-icon-theme (0.17-2) ...
Processing triggers for man-db (2.9.1-1) ...
Processing triggers for mime-support (3.64ubuntu1) ...
^[[Dnarendra@LAPTOP-NACNOT21:~$ java -version
openjdk version "11.0.18" 2023-01-17
OpenJDK Runtime Environment (build 11.0.18+10-post-Ubuntu-0ubuntu120.04.1)
OpenJDK 64-Bit Server VM (build 11.0.18+10-post-Ubuntu-0ubuntu120.04.1, mixed mode, sharing)


narendra@LAPTOP-NACNOT21:~$ update-alternatives --config java


There are 2 choices for the alternative java (providing /usr/bin/java).

  Selection    Path                                            Priority   Status
------------------------------------------------------------
* 0            /usr/lib/jvm/java-11-openjdk-amd64/bin/java      1111      auto mode
  1            /usr/lib/jvm/java-11-openjdk-amd64/bin/java      1111      manual mode
  2            /usr/lib/jvm/java-8-openjdk-amd64/jre/bin/java   1081      manual mode

Press <enter> to keep the current choice[*], or type selection number:

narendra@LAPTOP-NACNOT21:~$ systemctl restart jenkins.service

Failed to restart jenkins.service: Interactive authentication required.
See system logs and 'systemctl status jenkins.service' for details.

narendra@LAPTOP-NACNOT21:~$ systemctl status jenkins.service

● jenkins.service - Jenkins Continuous Integration Server
     Loaded: loaded (/lib/systemd/system/jenkins.service;>     Active: failed (Result: exit-code) since Sun 2023-04>    Process: 2524 ExecStart=/usr/bin/jenkins (code=exited>   Main PID: 2524 (code=exited, status=1/FAILURE)

Apr 09 17:44:50 LAPTOP-NACNOT21 systemd[1]: jenkins.servi>Apr 09 17:44:50 LAPTOP-NACNOT21 systemd[1]: Stopped Jenki>Apr 09 17:44:50 LAPTOP-NACNOT21 systemd[1]: jenkins.servi>Apr 09 17:44:50 LAPTOP-NACNOT21 systemd[1]: jenkins.servi>Apr 09 17:44:50 LAPTOP-NACNOT21 systemd[1]: Failed to sta>

narendra@LAPTOP-NACNOT21:~$ sudo service jenkins restart

narendra@LAPTOP-NACNOT21:~$ sudo service jenkins start

narendra@LAPTOP-NACNOT21:~$ sudo service jenkins status

● jenkins.service - Jenkins Continuous Integration Server
     Loaded: loaded (/lib/systemd/system/jenkins.service; enabled; vendor preset: enabled)
     Active: active (running) since Sun 2023-04-09 17:58:42 IST; 30s ago
   Main PID: 3631 (java)
      Tasks: 50 (limit: 7054)
     Memory: 1.8G
     CGroup: /system.slice/jenkins.service
             └─3631 /usr/bin/java -Djava.awt.headless=true -jar /usr/share/java/jenkins.war --webroot=/var/cache/jenk>

Apr 09 17:58:15 LAPTOP-NACNOT21 jenkins[3631]: 3d3a931041024f9f94d2e2c979c83d91
Apr 09 17:58:15 LAPTOP-NACNOT21 jenkins[3631]: This may also be found at: /var/lib/jenkins/secrets/initialAdminPasswo>
Apr 09 17:58:15 LAPTOP-NACNOT21 jenkins[3631]: *************************************************************
Apr 09 17:58:15 LAPTOP-NACNOT21 jenkins[3631]: *************************************************************
Apr 09 17:58:15 LAPTOP-NACNOT21 jenkins[3631]: *************************************************************
Apr 09 17:58:42 LAPTOP-NACNOT21 jenkins[3631]: 2023-04-09 12:28:42.184+0000 [id=34]        INFO        jenkins.InitRe>
Apr 09 17:58:42 LAPTOP-NACNOT21 jenkins[3631]: 2023-04-09 12:28:42.261+0000 [id=23]        INFO        hudson.lifecyc>
Apr 09 17:58:42 LAPTOP-NACNOT21 systemd[1]: Started Jenkins Continuous Integration Server.
Apr 09 17:58:43 LAPTOP-NACNOT21 jenkins[3631]: 2023-04-09 12:28:43.356+0000 [id=51]        INFO        h.m.DownloadSe>
Apr 09 17:58:43 LAPTOP-NACNOT21 jenkins[3631]: 2023-04-09 12:28:43.359+0000 [id=51]        INFO        hudson.util.Re>
lines 1-19/19 (END)

narendra@LAPTOP-NACNOT21:~$ sudo service jenkins stop







































































































































































































